Copyright 1986-2022 Xilinx, Inc. All Rights Reserved. Copyright 2022-2026 Advanced Micro Devices, Inc. All Rights Reserved.
---------------------------------------------------------------------------------------------------------------------------------------------
| Tool Version : Vivado v.2026.1 (win64) Build 6511674 Tue Jun 16 11:02:23 MDT 2026
| Date         : Mon Oct  5 23:13:00 2026
| Host         : DESKTOP-6IQQE7O running 64-bit major release  (build 9200)
| Command      : report_utilization -file D:/Thesis/ThesisA/fpga_kcu116/out/kcu116_lpc_util.rpt
| Design       : system_wrapper
| Device       : xcku5p-ffvb676-2-e
| Speed File   : -2
| Design State : Routed
---------------------------------------------------------------------------------------------------------------------------------------------

Utilization Design Information

Table of Contents
-----------------
1. CLB Logic
1.1 Summary of Registers by Type
2. CLB Logic Distribution
3. BLOCKRAM
4. ARITHMETIC
5. I/O
6. CLOCK
7. ADVANCED
8. CONFIGURATION
9. Primitives
10. Black Boxes
11. Instantiated Netlists

1. CLB Logic
------------

+----------------------------+-------+-------+------------+-----------+-------+
|          Site Type         |  Used | Fixed | Prohibited | Available | Util% |
+----------------------------+-------+-------+------------+-----------+-------+
| CLB LUTs                   | 86621 |     0 |          0 |    216960 | 39.92 |
|   LUT as Logic             | 73348 |     0 |          0 |    216960 | 33.81 |
|   LUT as Memory            | 13273 |     0 |          0 |     99840 | 13.29 |
|     LUT as Distributed RAM | 12128 |     0 |            |           |       |
|     LUT as Shift Register  |  1145 |     0 |            |           |       |
| CLB Registers              | 74406 |     0 |          0 |    433920 | 17.15 |
|   Register as Flip Flop    | 74404 |     0 |          0 |    433920 | 17.15 |
|   Register as Latch        |     0 |     0 |          0 |    433920 |  0.00 |
|   Register as AND/OR       |     2 |     0 |          0 |    433920 | <0.01 |
| CARRY8                     |  2247 |     0 |          0 |     27120 |  8.29 |
| F7 Muxes                   |  5860 |     0 |          0 |    108480 |  5.40 |
| F8 Muxes                   |   128 |     0 |          0 |     54240 |  0.24 |
| F9 Muxes                   |     0 |     0 |          0 |     27120 |  0.00 |
| Unique Control Sets        |  2348 |       |          0 |     54240 |  4.33 |
+----------------------------+-------+-------+------------+-----------+-------+
* Warning! LUT value is adjusted to account for LUT combining.
** Note: Available Control Sets calculated as Slices * 2, Review the Control Sets Report for more information regarding control sets.


1.1 Summary of Registers by Type
--------------------------------

+-------+--------------+-------------+--------------+
| Total | Clock Enable | Synchronous | Asynchronous |
+-------+--------------+-------------+--------------+
| 2     |            _ |           - |            - |
| 0     |            _ |           - |          Set |
| 0     |            _ |           - |        Reset |
| 0     |            _ |         Set |            - |
| 0     |            _ |       Reset |            - |
| 0     |          Yes |           - |            - |
| 49    |          Yes |           - |          Set |
| 459   |          Yes |           - |        Reset |
| 1416  |          Yes |         Set |            - |
| 72480 |          Yes |       Reset |            - |
+-------+--------------+-------------+--------------+


2. CLB Logic Distribution
-------------------------

+--------------------------------------------+-------+-------+------------+-----------+-------+
|                  Site Type                 |  Used | Fixed | Prohibited | Available | Util% |
+--------------------------------------------+-------+-------+------------+-----------+-------+
| CLB                                        | 15554 |     0 |          0 |     27120 | 57.35 |
|   CLBL                                     |  8535 |     0 |            |           |       |
|   CLBM                                     |  7019 |     0 |            |           |       |
| LUT as Logic                               | 73348 |     0 |          0 |    216960 | 33.81 |
|   using O5 output only                     |  1225 |       |            |           |       |
|   using O6 output only                     | 56553 |       |            |           |       |
|   using O5 and O6                          | 15570 |       |            |           |       |
| LUT as Memory                              | 13273 |     0 |          0 |     99840 | 13.29 |
|   LUT as Distributed RAM                   | 12128 |     0 |            |           |       |
|     using O5 output only                   |     0 |       |            |           |       |
|     using O6 output only                   |  7230 |       |            |           |       |
|     using O5 and O6                        |  4898 |       |            |           |       |
|   LUT as Shift Register                    |  1145 |     0 |            |           |       |
|     using O5 output only                   |     0 |       |            |           |       |
|     using O6 output only                   |   906 |       |            |           |       |
|     using O5 and O6                        |   239 |       |            |           |       |
| CLB Registers                              | 74406 |     0 |          0 |    433920 | 17.15 |
|   Register driven from within the CLB      | 44665 |       |            |           |       |
|   Register driven from outside the CLB     | 29741 |       |            |           |       |
|     LUT in front of the register is unused | 20288 |       |            |           |       |
|     LUT in front of the register is used   |  9453 |       |            |           |       |
+--------------------------------------------+-------+-------+------------+-----------+-------+


3. BLOCKRAM
-----------

+-------------------+-------+-------+------------+-----------+-------+
|     Site Type     |  Used | Fixed | Prohibited | Available | Util% |
+-------------------+-------+-------+------------+-----------+-------+
| Block RAM Tile    | 179.5 |     0 |          0 |       480 | 37.40 |
|   RAMB36/FIFO*    |   177 |     0 |          0 |       480 | 36.88 |
|     RAMB36E2 only |   177 |       |            |           |       |
|   RAMB18          |     5 |     0 |          0 |       960 |  0.52 |
|     RAMB18E2 only |     5 |       |            |           |       |
| URAM              |     0 |     0 |          0 |        64 |  0.00 |
+-------------------+-------+-------+------------+-----------+-------+
* Note: Each Block RAM Tile only has one FIFO logic available and therefore can accommodate only one FIFO36E2 or one FIFO18E2. However, if a FIFO18E2 occupies a Block RAM Tile, that tile can still accommodate a RAMB18E2


4. ARITHMETIC
-------------

+----------------+------+-------+------------+-----------+-------+
|    Site Type   | Used | Fixed | Prohibited | Available | Util% |
+----------------+------+-------+------------+-----------+-------+
| DSPs           |  172 |     0 |          0 |      1824 |  9.43 |
|   DSP48E2 only |  172 |       |            |           |       |
+----------------+------+-------+------------+-----------+-------+


5. I/O
------

+------------------+------+-------+------------+-----------+-------+
|     Site Type    | Used | Fixed | Prohibited | Available | Util% |
+------------------+------+-------+------------+-----------+-------+
| Bonded IOB       |   84 |    84 |          0 |       280 | 30.00 |
|   HPIOB_M        |   36 |    36 |          0 |        96 | 37.50 |
|     INPUT        |    1 |       |            |           |       |
|     OUTPUT       |   11 |       |            |           |       |
|     BIDIR        |   24 |       |            |           |       |
|   HPIOB_S        |   34 |    34 |          0 |        96 | 35.42 |
|     INPUT        |    1 |       |            |           |       |
|     OUTPUT       |   13 |       |            |           |       |
|     BIDIR        |   20 |       |            |           |       |
|   HDIOB_M        |    6 |     6 |          0 |        36 | 16.67 |
|     INPUT        |    2 |       |            |           |       |
|     OUTPUT       |    4 |       |            |           |       |
|     BIDIR        |    0 |       |            |           |       |
|   HDIOB_S        |    5 |     5 |          0 |        36 | 13.89 |
|     INPUT        |    0 |       |            |           |       |
|     OUTPUT       |    5 |       |            |           |       |
|     BIDIR        |    0 |       |            |           |       |
|   HPIOB_SNGL     |    3 |     3 |          0 |        16 | 18.75 |
|     INPUT        |    0 |       |            |           |       |
|     OUTPUT       |    3 |       |            |           |       |
|     BIDIR        |    0 |       |            |           |       |
| HPIOBDIFFINBUF   |    5 |     5 |          0 |        96 |  5.21 |
|   DIFFINBUF      |    5 |     5 |            |           |       |
| HPIOBDIFFOUTBUF  |    0 |     0 |          0 |        96 |  0.00 |
| HDIOBDIFFINBUF   |    0 |     0 |          0 |        48 |  0.00 |
| BITSLICE_CONTROL |   13 |     0 |          0 |        32 | 40.63 |
| BITSLICE_RX_TX   |   65 |    65 |          0 |      1248 |  5.21 |
|   RXTX_BITSLICE  |   65 |    65 |            |           |       |
| BITSLICE_TX      |   13 |     0 |          0 |        32 | 40.63 |
| RIU_OR           |    7 |     0 |          0 |        16 | 43.75 |
+------------------+------+-------+------------+-----------+-------+


6. CLOCK
--------

+------------+------+-------+------------+-----------+-------+
|  Site Type | Used | Fixed | Prohibited | Available | Util% |
+------------+------+-------+------------+-----------+-------+
| BUFGCE     |   16 |     0 |          0 |       112 | 14.29 |
| BUFGCE_DIV |    0 |     0 |          0 |        16 |  0.00 |
| BUFG_GT    |    0 |     0 |          0 |        96 |  0.00 |
| BUFGCTRL*  |    0 |     0 |          0 |        32 |  0.00 |
| PLL        |    2 |     0 |          0 |         8 | 25.00 |
| MMCM       |    1 |     1 |          0 |         4 | 25.00 |
+------------+------+-------+------------+-----------+-------+
* Note: Each used BUFGCTRL counts as two GLOBAL CLOCK BUFFERs. This table does not include global clocking resources, only buffer cell usage. See the Clock Utilization Report (report_clock_utilization) for detailed accounting of global clocking resource availability.


7. ADVANCED
-----------

+-----------------+------+-------+------------+-----------+-------+
|    Site Type    | Used | Fixed | Prohibited | Available | Util% |
+-----------------+------+-------+------------+-----------+-------+
| CMACE4          |    0 |     0 |          0 |         1 |  0.00 |
| GTYE4_CHANNEL   |    0 |     0 |          0 |        16 |  0.00 |
| GTYE4_COMMON    |    0 |     0 |          0 |         4 |  0.00 |
| OBUFDS_GTE4     |    0 |     0 |          0 |         8 |  0.00 |
| OBUFDS_GTE4_ADV |    0 |     0 |          0 |         8 |  0.00 |
| PCIE40E4        |    0 |     0 |          0 |         1 |  0.00 |
| SYSMONE4        |    0 |     0 |          0 |         1 |  0.00 |
+-----------------+------+-------+------------+-----------+-------+


8. CONFIGURATION
----------------

+-------------+------+-------+------------+-----------+-------+
|  Site Type  | Used | Fixed | Prohibited | Available | Util% |
+-------------+------+-------+------------+-----------+-------+
| BSCANE2     |    2 |     0 |          0 |         4 | 50.00 |
| DNA_PORTE2  |    0 |     0 |          0 |         1 |  0.00 |
| EFUSE_USR   |    0 |     0 |          0 |         1 |  0.00 |
| FRAME_ECCE4 |    0 |     0 |          0 |         1 |  0.00 |
| ICAPE3      |    0 |     0 |          0 |         2 |  0.00 |
| MASTER_JTAG |    0 |     0 |          0 |         1 |  0.00 |
| STARTUPE3   |    0 |     0 |          0 |         1 |  0.00 |
+-------------+------+-------+------------+-----------+-------+


9. Primitives
-------------

+------------------+-------+---------------------+
|     Ref Name     |  Used | Functional Category |
+------------------+-------+---------------------+
| FDRE             | 72480 |            Register |
| LUT6             | 28382 |                 CLB |
| LUT3             | 21547 |                 CLB |
| LUT5             | 13094 |                 CLB |
| LUT2             | 11830 |                 CLB |
| LUT4             | 10751 |                 CLB |
| RAMD32           |  8480 |                 CLB |
| RAMS64E          |  7168 |                 CLB |
| MUXF7            |  5860 |                 CLB |
| LUT1             |  3314 |                 CLB |
| CARRY8           |  2247 |                 CLB |
| FDSE             |  1416 |            Register |
| RAMS32           |  1378 |                 CLB |
| SRL16E           |   994 |                 CLB |
| FDCE             |   459 |            Register |
| SRLC32E          |   383 |                 CLB |
| RAMB36E2         |   177 |            BLOCKRAM |
| DSP48E2          |   172 |          Arithmetic |
| MUXF8            |   128 |                 CLB |
| RXTX_BITSLICE    |    65 |                 I/O |
| FDPE             |    49 |            Register |
| IBUFCTRL         |    43 |                 I/O |
| INBUF            |    38 |                 I/O |
| OBUFT_DCIEN      |    36 |                 I/O |
| OBUF             |    36 |                 I/O |
| BUFGCE           |    16 |               Clock |
| TX_BITSLICE_TRI  |    13 |                 I/O |
| BITSLICE_CONTROL |    13 |                 I/O |
| OBUFT            |     8 |                 I/O |
| SRLC16E          |     7 |                 CLB |
| RIU_OR           |     7 |                 I/O |
| RAMB18E2         |     5 |            BLOCKRAM |
| INV              |     5 |                 CLB |
| DIFFINBUF        |     5 |                 I/O |
| HPIO_VREF        |     4 |                 I/O |
| PLLE4_ADV        |     2 |               Clock |
| BSCANE2          |     2 |       Configuration |
| AND2B1L          |     2 |              Others |
| MMCME4_ADV       |     1 |               Clock |
+------------------+-------+---------------------+


10. Black Boxes
---------------

+----------+------+
| Ref Name | Used |
+----------+------+


11. Instantiated Netlists
-------------------------

+-----------------------+------+
|        Ref Name       | Used |
+-----------------------+------+
| system_uart_0_0       |    1 |
| system_timer_0_0      |    1 |
| system_sc_0_0         |    1 |
| system_rst_ddr_0      |    1 |
| system_rst_100_0      |    1 |
| system_microblaze_0_0 |    1 |
| system_mdm_0_0        |    1 |
| system_lmb_bram_0     |    1 |
| system_ilmb_cntlr_0   |    1 |
| system_ilmb_0         |    1 |
| system_gpio_led_0     |    1 |
| system_dma_d_0        |    1 |
| system_dma_c_0        |    1 |
| system_dlmb_cntlr_0   |    1 |
| system_dlmb_0         |    1 |
| system_decomp_0       |    1 |
| system_ddr4_0_0_phy   |    1 |
| system_ddr4_0_0       |    1 |
| system_comp_0         |    1 |
| dbg_hub               |    1 |
+-----------------------+------+


