Copyright 1986-2022 Xilinx, Inc. All Rights Reserved. Copyright 2022-2026 Advanced Micro Devices, Inc. All Rights Reserved.
---------------------------------------------------------------------------------------------------------------------------------------------
| Tool Version : Vivado v.2026.1 (win64) Build 6511674 Tue Jun 16 11:02:23 MDT 2026
| Date         : Wed Oct  7 14:44:06 2026
| Host         : DESKTOP-6IQQE7O running 64-bit major release  (build 9200)
| Command      : report_utilization -hierarchical -hierarchical_depth 2 -file D:/Thesis/ThesisA/fpga_kcu116/out/kcu116_lpc_util_hier.rpt
| Design       : system_wrapper
| Device       : xcku5p-ffvb676-2-e
| Speed File   : -2
| Design State : Routed
---------------------------------------------------------------------------------------------------------------------------------------------

Utilization Design Information

Table of Contents
-----------------
1. Utilization by Hierarchy

1. Utilization by Hierarchy
---------------------------

+--------------------+----------------------------+------------+------------+---------+------+-------+--------+--------+------+------------+
|      Instance      |           Module           | Total LUTs | Logic LUTs | LUTRAMs | SRLs |  FFs  | RAMB36 | RAMB18 | URAM | DSP Blocks |
+--------------------+----------------------------+------------+------------+---------+------+-------+--------+--------+------+------------+
| system_wrapper     |                      (top) |      60071 |      54839 |    4262 |  970 | 56079 |    171 |      3 |    0 |        164 |
|   (system_wrapper) |                      (top) |          0 |          0 |       0 |    0 |     0 |      0 |      0 |    0 |          0 |
|   dbg_hub          |                    dbg_hub |        431 |        411 |      20 |    0 |   741 |      0 |      0 |    0 |          0 |
|     inst           | dbg_hub_xsdbm_v3_0_6_xsdbm |        431 |        411 |      20 |    0 |   741 |      0 |      0 |    0 |          0 |
|   system_i         |                     system |      59640 |      54428 |    4242 |  970 | 55338 |    171 |      3 |    0 |        164 |
|     uart_0         |            system_uart_0_0 |         91 |         73 |       0 |   18 |   106 |      0 |      0 |    0 |          0 |
|     comp           |              system_comp_0 |      34495 |      33609 |     512 |  374 | 20181 |    108 |      0 |    0 |        158 |
|     ddr4_0         |            system_ddr4_0_0 |       9771 |       9009 |     452 |  310 | 12033 |     25 |      1 |    0 |          3 |
|     dma_c          |             system_dma_c_0 |       2980 |       2824 |      32 |  124 |  4550 |      6 |      2 |    0 |          0 |
|     gpio_led       |          system_gpio_led_0 |         44 |         44 |       0 |    0 |    72 |      0 |      0 |    0 |          0 |
|     mdm_0          |             system_mdm_0_0 |         89 |         82 |       0 |    7 |   110 |      0 |      0 |    0 |          0 |
|     microblaze_0   |      system_microblaze_0_0 |       1379 |       1257 |      64 |   58 |  1215 |      0 |      0 |    0 |          3 |
|     sc_0           |              system_sc_0_0 |      10470 |       7213 |    3182 |   75 | 16745 |      0 |      0 |    0 |          0 |
|     timer_0        |           system_timer_0_0 |        289 |        289 |       0 |    0 |   240 |      0 |      0 |    0 |          0 |
+--------------------+----------------------------+------------+------------+---------+------+-------+--------+--------+------+------------+
* Note: The sum of lower-level cells may be larger than their parent cells total, due to cross-hierarchy LUT combining


