INFO: [SIM 2] *************** CSIM start ***************
   Compiling ../../../../lpc_tb.cpp in debug mode
   Compiling ../../../../lpc_decompress.cpp in debug mode
   Compiling ../../../../lpc_compress.cpp in debug mode
   Generating csim.exe
==========================================================
 LPC + Huffman Compression Vitis HLS Testbench             
 Multi-Frame ColoRadar Cascade Dataset                     
 Target FPGA: AMD Kintex UltraScale+ (xcku5p-ffvb676-2-e) 
==========================================================
[INFO] Loaded header: 50 frames x 192 ramps x 128 samples x 4 RX channels
  Frame 0: CR=3.40388x  MaxDiff=0  Bits=3145728->924160  [LOSSLESS]
  Frame 1: CR=3.40199x  MaxDiff=0  Bits=3145728->924672  [LOSSLESS]
  Frame 2: CR=3.40011x  MaxDiff=0  Bits=3145728->925184  [LOSSLESS]
  Frame 3: CR=3.39166x  MaxDiff=0  Bits=3145728->927488  [LOSSLESS]
  Frame 4: CR=3.38606x  MaxDiff=0  Bits=3145728->929024  [LOSSLESS]
  Frame 5: CR=3.38979x  MaxDiff=0  Bits=3145728->928000  [LOSSLESS]
  Frame 6: CR=3.40105x  MaxDiff=0  Bits=3145728->924928  [LOSSLESS]
  Frame 7: CR=3.40388x  MaxDiff=0  Bits=3145728->924160  [LOSSLESS]
  Frame 8: CR=3.40482x  MaxDiff=0  Bits=3145728->923904  [LOSSLESS]
  Frame 9: CR=3.40294x  MaxDiff=0  Bits=3145728->924416  [LOSSLESS]
  Frame 10: CR=3.40011x  MaxDiff=0  Bits=3145728->925184  [LOSSLESS]
  Frame 11: CR=3.39729x  MaxDiff=0  Bits=3145728->925952  [LOSSLESS]
  Frame 12: CR=3.38886x  MaxDiff=0  Bits=3145728->928256  [LOSSLESS]
  Frame 13: CR=3.38512x  MaxDiff=0  Bits=3145728->929280  [LOSSLESS]
  Frame 14: CR=3.39541x  MaxDiff=0  Bits=3145728->926464  [LOSSLESS]
  Frame 15: CR=3.42094x  MaxDiff=0  Bits=3145728->919552  [LOSSLESS]
  Frame 16: CR=3.40482x  MaxDiff=0  Bits=3145728->923904  [LOSSLESS]
  Frame 17: CR=3.34732x  MaxDiff=0  Bits=3145728->939776  [LOSSLESS]
  Frame 18: CR=3.26722x  MaxDiff=0  Bits=3145728->962816  [LOSSLESS]
  Frame 19: CR=3.33913x  MaxDiff=0  Bits=3145728->942080  [LOSSLESS]
  Frame 20: CR=3.32378x  MaxDiff=0  Bits=3145728->946432  [LOSSLESS]
  Frame 21: CR=3.305x  MaxDiff=0  Bits=3145728->951808  [LOSSLESS]
  Frame 22: CR=3.32468x  MaxDiff=0  Bits=3145728->946176  [LOSSLESS]
  Frame 23: CR=3.38606x  MaxDiff=0  Bits=3145728->929024  [LOSSLESS]
  Frame 24: CR=3.44781x  MaxDiff=0  Bits=3145728->912384  [LOSSLESS]
  Frame 25: CR=3.39635x  MaxDiff=0  Bits=3145728->926208  [LOSSLESS]
  Frame 26: CR=3.45266x  MaxDiff=0  Bits=3145728->911104  [LOSSLESS]
  Frame 27: CR=3.4761x  MaxDiff=0  Bits=3145728->904960  [LOSSLESS]
  Frame 28: CR=3.48003x  MaxDiff=0  Bits=3145728->903936  [LOSSLESS]
  Frame 29: CR=3.49886x  MaxDiff=0  Bits=3145728->899072  [LOSSLESS]
  Frame 30: CR=3.52193x  MaxDiff=0  Bits=3145728->893184  [LOSSLESS]
  Frame 31: CR=3.49986x  MaxDiff=0  Bits=3145728->898816  [LOSSLESS]
  Frame 32: CR=3.51086x  MaxDiff=0  Bits=3145728->896000  [LOSSLESS]
  Frame 33: CR=3.49091x  MaxDiff=0  Bits=3145728->901120  [LOSSLESS]
  Frame 34: CR=3.41239x  MaxDiff=0  Bits=3145728->921856  [LOSSLESS]
  Frame 35: CR=3.46434x  MaxDiff=0  Bits=3145728->908032  [LOSSLESS]
  Frame 36: CR=3.46923x  MaxDiff=0  Bits=3145728->906752  [LOSSLESS]
  Frame 37: CR=3.41523x  MaxDiff=0  Bits=3145728->921088  [LOSSLESS]
  Frame 38: CR=3.36565x  MaxDiff=0  Bits=3145728->934656  [LOSSLESS]
  Frame 39: CR=3.40765x  MaxDiff=0  Bits=3145728->923136  [LOSSLESS]
  Frame 40: CR=3.36934x  MaxDiff=0  Bits=3145728->933632  [LOSSLESS]
  Frame 41: CR=3.27855x  MaxDiff=0  Bits=3145728->959488  [LOSSLESS]
  Frame 42: CR=3.35738x  MaxDiff=0  Bits=3145728->936960  [LOSSLESS]
  Frame 43: CR=3.32108x  MaxDiff=0  Bits=3145728->947200  [LOSSLESS]
  Frame 44: CR=3.31302x  MaxDiff=0  Bits=3145728->949504  [LOSSLESS]
  Frame 45: CR=3.3355x  MaxDiff=0  Bits=3145728->943104  [LOSSLESS]
  Frame 46: CR=3.35097x  MaxDiff=0  Bits=3145728->938752  [LOSSLESS]
  Frame 47: CR=3.2926x  MaxDiff=0  Bits=3145728->955392  [LOSSLESS]
  Frame 48: CR=3.1711x  MaxDiff=0  Bits=3145728->992000  [LOSSLESS]
  Frame 49: CR=3.07739x  MaxDiff=0  Bits=3145728->1022208  [LOSSLESS]

==========================================================
 GLOBAL VERIFICATION RESULTS (50 frames)
==========================================================
 Max LSB Difference    : 0
 Mean Squared Error     : 0
 Signal-to-Noise Ratio : INFINITE (Lossless)
 Average CR (per-frame): 3.38497x
 Overall CR (aggregate): 3.383x
 Total Input           : 19200 KB
 Total Compressed      : 5675 KB
==========================================================
[SUCCESS] All 50 frames: LOSSLESS reconstruction!
INFO [HLS SIM]: The maximum depth reached by any hls::stream() instance in the design is 24576
INFO: [SIM 1] CSim done with 0 errors.
INFO: [SIM 3] *************** CSIM finish ***************
