INFO: [SIM 2] *************** CSIM start ***************
   Compiling ../../../../lpc_tdm_tb.cpp in debug mode
   Compiling ../../../../lpc_tdm.cpp in debug mode
   Compiling ../../../../lpc_tdm_decompress.cpp in debug mode
   Compiling ../../../../lpc_tdm_compress.cpp in debug mode
   Generating csim.exe
==========================================================
 LPC-TDM Compression & Decompression Testbench            
 Prediction lags = nTx and 2*nTx (true slow-time axis)         
 Target FPGA: AMD Kintex UltraScale+ (xcku5p-ffvb676-2-e) 
==========================================================
[INFO] Loaded header: 50 frames x 192 ramps x 128 samples x 4 RX channels;  nTx = 12
  Frame 0: CR=3.76125x  MaxDiff=0  Bits=3145728->836352  [LOSSLESS]
  Frame 1: CR=3.7578x  MaxDiff=0  Bits=3145728->837120  [LOSSLESS]
  Frame 2: CR=3.75092x  MaxDiff=0  Bits=3145728->838656  [LOSSLESS]
  Frame 3: CR=3.73836x  MaxDiff=0  Bits=3145728->841472  [LOSSLESS]
  Frame 4: CR=3.72816x  MaxDiff=0  Bits=3145728->843776  [LOSSLESS]
  Frame 5: CR=3.7395x  MaxDiff=0  Bits=3145728->841216  [LOSSLESS]
  Frame 6: CR=3.75435x  MaxDiff=0  Bits=3145728->837888  [LOSSLESS]
  Frame 7: CR=3.76125x  MaxDiff=0  Bits=3145728->836352  [LOSSLESS]
  Frame 8: CR=3.76125x  MaxDiff=0  Bits=3145728->836352  [LOSSLESS]
  Frame 9: CR=3.75665x  MaxDiff=0  Bits=3145728->837376  [LOSSLESS]
  Frame 10: CR=3.75206x  MaxDiff=0  Bits=3145728->838400  [LOSSLESS]
  Frame 11: CR=3.7395x  MaxDiff=0  Bits=3145728->841216  [LOSSLESS]
  Frame 12: CR=3.72251x  MaxDiff=0  Bits=3145728->845056  [LOSSLESS]
  Frame 13: CR=3.72251x  MaxDiff=0  Bits=3145728->845056  [LOSSLESS]
  Frame 14: CR=3.74292x  MaxDiff=0  Bits=3145728->840448  [LOSSLESS]
  Frame 15: CR=3.7555x  MaxDiff=0  Bits=3145728->837632  [LOSSLESS]
  Frame 16: CR=3.74863x  MaxDiff=0  Bits=3145728->839168  [LOSSLESS]
  Frame 17: CR=3.6912x  MaxDiff=0  Bits=3145728->852224  [LOSSLESS]
  Frame 18: CR=3.63766x  MaxDiff=0  Bits=3145728->864768  [LOSSLESS]
  Frame 19: CR=3.6355x  MaxDiff=0  Bits=3145728->865280  [LOSSLESS]
  Frame 20: CR=3.64305x  MaxDiff=0  Bits=3145728->863488  [LOSSLESS]
  Frame 21: CR=3.64629x  MaxDiff=0  Bits=3145728->862720  [LOSSLESS]
  Frame 22: CR=3.66697x  MaxDiff=0  Bits=3145728->857856  [LOSSLESS]
  Frame 23: CR=3.70791x  MaxDiff=0  Bits=3145728->848384  [LOSSLESS]
  Frame 24: CR=3.73269x  MaxDiff=0  Bits=3145728->842752  [LOSSLESS]
  Frame 25: CR=3.718x  MaxDiff=0  Bits=3145728->846080  [LOSSLESS]
  Frame 26: CR=3.73382x  MaxDiff=0  Bits=3145728->842496  [LOSSLESS]
  Frame 27: CR=3.74178x  MaxDiff=0  Bits=3145728->840704  [LOSSLESS]
  Frame 28: CR=3.73042x  MaxDiff=0  Bits=3145728->843264  [LOSSLESS]
  Frame 29: CR=3.73723x  MaxDiff=0  Bits=3145728->841728  [LOSSLESS]
  Frame 30: CR=3.73836x  MaxDiff=0  Bits=3145728->841472  [LOSSLESS]
  Frame 31: CR=3.72477x  MaxDiff=0  Bits=3145728->844544  [LOSSLESS]
  Frame 32: CR=3.73495x  MaxDiff=0  Bits=3145728->842240  [LOSSLESS]
  Frame 33: CR=3.72364x  MaxDiff=0  Bits=3145728->844800  [LOSSLESS]
  Frame 34: CR=3.66806x  MaxDiff=0  Bits=3145728->857600  [LOSSLESS]
  Frame 35: CR=3.69342x  MaxDiff=0  Bits=3145728->851712  [LOSSLESS]
  Frame 36: CR=3.69453x  MaxDiff=0  Bits=3145728->851456  [LOSSLESS]
  Frame 37: CR=3.65388x  MaxDiff=0  Bits=3145728->860928  [LOSSLESS]
  Frame 38: CR=3.63443x  MaxDiff=0  Bits=3145728->865536  [LOSSLESS]
  Frame 39: CR=3.70679x  MaxDiff=0  Bits=3145728->848640  [LOSSLESS]
  Frame 40: CR=3.67574x  MaxDiff=0  Bits=3145728->855808  [LOSSLESS]
  Frame 41: CR=3.65605x  MaxDiff=0  Bits=3145728->860416  [LOSSLESS]
  Frame 42: CR=3.68014x  MaxDiff=0  Bits=3145728->854784  [LOSSLESS]
  Frame 43: CR=3.63873x  MaxDiff=0  Bits=3145728->864512  [LOSSLESS]
  Frame 44: CR=3.63335x  MaxDiff=0  Bits=3145728->865792  [LOSSLESS]
  Frame 45: CR=3.63443x  MaxDiff=0  Bits=3145728->865536  [LOSSLESS]
  Frame 46: CR=3.62585x  MaxDiff=0  Bits=3145728->867584  [LOSSLESS]
  Frame 47: CR=3.59403x  MaxDiff=0  Bits=3145728->875264  [LOSSLESS]
  Frame 48: CR=3.55247x  MaxDiff=0  Bits=3145728->885504  [LOSSLESS]
  Frame 49: CR=3.46141x  MaxDiff=0  Bits=3145728->908800  [LOSSLESS]

==========================================================
 GLOBAL VERIFICATION RESULTS (50 frames)
==========================================================
 Max LSB Difference    : 0
 Mean Squared Error    : 0
 Signal-to-Noise Ratio : INFINITE (Lossless)
 Average CR (per-frame): 3.69681x
 Overall CR (aggregate): 3.69579x
==========================================================
[SUCCESS] All 50 frames: LOSSLESS reconstruction!
INFO [HLS SIM]: The maximum depth reached by any hls::stream() instance in the design is 24576
INFO: [SIM 1] CSim done with 0 errors.
INFO: [SIM 3] *************** CSIM finish ***************
