  **** HLS Build v2026.1 6493734
INFO: [HLS 200-2005] Using work_dir C:/Users/mohin/Vitis/hls_component/hls_component 
INFO: [HLS 200-2176] Writing Vitis IDE component file C:/Users/mohin/Vitis/hls_component/hls_component/vitis-comp.json
INFO: [HLS 200-10] Creating and opening component 'C:/Users/mohin/Vitis/hls_component/hls_component'.
INFO: [HLS 200-2174] Applying component config ini file test.cfg
INFO: [HLS 200-1465] Applying config ini 'syn.file=drhe_compress.cpp' from test.cfg(5)
INFO: [HLS 200-10] Adding design file 'C:/Users/mohin/Vitis/hls_component/drhe_compress.cpp' to the project
INFO: [HLS 200-1465] Applying config ini 'syn.file=drhe_decompress.cpp' from test.cfg(6)
INFO: [HLS 200-10] Adding design file 'C:/Users/mohin/Vitis/hls_component/drhe_decompress.cpp' to the project
INFO: [HLS 200-1465] Applying config ini 'syn.file=drhe.cpp' from test.cfg(7)
INFO: [HLS 200-10] Adding design file 'C:/Users/mohin/Vitis/hls_component/drhe.cpp' to the project
INFO: [HLS 200-1465] Applying config ini 'tb.file=drhe_tb.cpp' from test.cfg(8)
INFO: [HLS 200-10] Adding test bench file 'C:/Users/mohin/Vitis/hls_component/drhe_tb.cpp' to the project
INFO: [HLS 200-1465] Applying config ini 'tb.file=coloradar_multiframe.bin' from test.cfg(9)
INFO: [HLS 200-10] Adding test bench file 'C:/Users/mohin/Vitis/hls_component/coloradar_multiframe.bin' to the project
INFO: [HLS 200-1465] Applying config ini 'part=xcku5p-ffvb676-2-e' from test.cfg(1)
INFO: [HLS 200-1611] Setting target device to 'xcku5p-ffvb676-2-e'
INFO: [HLS 200-1465] Applying config ini 'clock=100MHz' from test.cfg(4)
INFO: [SYN 201-201] Setting up clock 'default' with a period of 10ns.
INFO: [HLS 200-1465] Applying config ini 'package.output.format=ip_catalog' from test.cfg(11)
INFO: [HLS 200-2176] Writing Vitis IDE component file C:/Users/mohin/Vitis/hls_component/hls_component/vitis-comp.json
INFO: [SIM 211-2] *************** CSIM start ***************
INFO: [HLS 200-2191] C-Simulation will use clang-16 as the compiler
INFO: [HLS 200-2036] Building debug C Simulation binaries
   Compiling ../../../../drhe_tb.cpp in debug mode
   Generating csim.exe
In file included from ../../../../drhe_tb.cpp:8:
In file included from ../../../../drhe_compress.h:4:
In file included from ../../../../drhe_common.h:4:
In file included from C:/AMDDesignTools/2026.1/Vitis/include\ap_fixed.h:9:
In file included from C:/AMDDesignTools/2026.1/Vitis/include\etc/ap_common.h:668:
In file included from C:/AMDDesignTools/2026.1/Vitis/include\etc/ap_private.h:68:
In file included from C:/AMDDesignTools/2026.1/Vitis/include\hls_half.h:26:
In file included from C:/AMDDesignTools/2026.1/Vitis/include/etc/hls_half_fpo.h:19:
In file included from C:/AMDDesignTools/2026.1/Vitis/include\hls_fpo.h:140:
In file included from C:/AMDDesignTools/2026.1/Vitis/include/floating_point_v7_1_bitacc_cmodel.h:150:
C:/AMDDesignTools/2026.1/Vitis/include\gmp.h:58:9: warning: '__GMP_LIBGMP_DLL' macro redefined [-Wmacro-redefined]
#define __GMP_LIBGMP_DLL  0
        ^
C:/AMDDesignTools/2026.1/Vitis/include/floating_point_v7_1_bitacc_cmodel.h:142:9: note: previous definition is here
#define __GMP_LIBGMP_DLL 1
        ^
1 warning generated.
==========================================================
 DRHE Compression & Decompression Vitis HLS Testbench     
 Multi-Frame ColoRadar Cascade Dataset                     
 Target FPGA: AMD Kintex UltraScale+ (xcku5p-ffvb676-2-e) 
==========================================================
[INFO] Loaded header: 50 frames x 192 ramps x 128 samples x 4 RX channels
  Frame 0: CR=3.33098x  MaxDiff=0  Bits=3145728->944384  [LOSSLESS]
  Frame 1: CR=3.32648x  MaxDiff=0  Bits=3145728->945664  [LOSSLESS]
  Frame 2: CR=3.32108x  MaxDiff=0  Bits=3145728->947200  [LOSSLESS]
  Frame 3: CR=3.31213x  MaxDiff=0  Bits=3145728->949760  [LOSSLESS]
  Frame 4: CR=3.30234x  MaxDiff=0  Bits=3145728->952576  [LOSSLESS]
  Frame 5: CR=3.31124x  MaxDiff=0  Bits=3145728->950016  [LOSSLESS]
  Frame 6: CR=3.32378x  MaxDiff=0  Bits=3145728->946432  [LOSSLESS]
  Frame 7: CR=3.32918x  MaxDiff=0  Bits=3145728->944896  [LOSSLESS]
  Frame 8: CR=3.32918x  MaxDiff=0  Bits=3145728->944896  [LOSSLESS]
  Frame 9: CR=3.32558x  MaxDiff=0  Bits=3145728->945920  [LOSSLESS]
  Frame 10: CR=3.32018x  MaxDiff=0  Bits=3145728->947456  [LOSSLESS]
  Frame 11: CR=3.31213x  MaxDiff=0  Bits=3145728->949760  [LOSSLESS]
  Frame 12: CR=3.30145x  MaxDiff=0  Bits=3145728->952832  [LOSSLESS]
  Frame 13: CR=3.31124x  MaxDiff=0  Bits=3145728->950016  [LOSSLESS]
  Frame 14: CR=3.3337x  MaxDiff=0  Bits=3145728->943616  [LOSSLESS]
  Frame 15: CR=3.37397x  MaxDiff=0  Bits=3145728->932352  [LOSSLESS]
  Frame 16: CR=3.34641x  MaxDiff=0  Bits=3145728->940032  [LOSSLESS]
  Frame 17: CR=3.30234x  MaxDiff=0  Bits=3145728->952576  [LOSSLESS]
  Frame 18: CR=3.17355x  MaxDiff=0  Bits=3145728->991232  [LOSSLESS]
  Frame 19: CR=3.25769x  MaxDiff=0  Bits=3145728->965632  [LOSSLESS]
  Frame 20: CR=3.25855x  MaxDiff=0  Bits=3145728->965376  [LOSSLESS]
  Frame 21: CR=3.23283x  MaxDiff=0  Bits=3145728->973056  [LOSSLESS]
  Frame 22: CR=3.25165x  MaxDiff=0  Bits=3145728->967424  [LOSSLESS]
  Frame 23: CR=3.32648x  MaxDiff=0  Bits=3145728->945664  [LOSSLESS]
  Frame 24: CR=3.40199x  MaxDiff=0  Bits=3145728->924672  [LOSSLESS]
  Frame 25: CR=3.32828x  MaxDiff=0  Bits=3145728->945152  [LOSSLESS]
  Frame 26: CR=3.39448x  MaxDiff=0  Bits=3145728->926720  [LOSSLESS]
  Frame 27: CR=3.41523x  MaxDiff=0  Bits=3145728->921088  [LOSSLESS]
  Frame 28: CR=3.41428x  MaxDiff=0  Bits=3145728->921344  [LOSSLESS]
  Frame 29: CR=3.43144x  MaxDiff=0  Bits=3145728->916736  [LOSSLESS]
  Frame 30: CR=3.46923x  MaxDiff=0  Bits=3145728->906752  [LOSSLESS]
  Frame 31: CR=3.44588x  MaxDiff=0  Bits=3145728->912896  [LOSSLESS]
  Frame 32: CR=3.45266x  MaxDiff=0  Bits=3145728->911104  [LOSSLESS]
  Frame 33: CR=3.43144x  MaxDiff=0  Bits=3145728->916736  [LOSSLESS]
  Frame 34: CR=3.31481x  MaxDiff=0  Bits=3145728->948992  [LOSSLESS]
  Frame 35: CR=3.39166x  MaxDiff=0  Bits=3145728->927488  [LOSSLESS]
  Frame 36: CR=3.40011x  MaxDiff=0  Bits=3145728->925184  [LOSSLESS]
  Frame 37: CR=3.31392x  MaxDiff=0  Bits=3145728->949248  [LOSSLESS]
  Frame 38: CR=3.2551x  MaxDiff=0  Bits=3145728->966400  [LOSSLESS]
  Frame 39: CR=3.34549x  MaxDiff=0  Bits=3145728->940288  [LOSSLESS]
  Frame 40: CR=3.30323x  MaxDiff=0  Bits=3145728->952320  [LOSSLESS]
  Frame 41: CR=3.22097x  MaxDiff=0  Bits=3145728->976640  [LOSSLESS]
  Frame 42: CR=3.28556x  MaxDiff=0  Bits=3145728->957440  [LOSSLESS]
  Frame 43: CR=3.26201x  MaxDiff=0  Bits=3145728->964352  [LOSSLESS]
  Frame 44: CR=3.23709x  MaxDiff=0  Bits=3145728->971776  [LOSSLESS]
  Frame 45: CR=3.24307x  MaxDiff=0  Bits=3145728->969984  [LOSSLESS]
  Frame 46: CR=3.25165x  MaxDiff=0  Bits=3145728->967424  [LOSSLESS]
  Frame 47: CR=3.18755x  MaxDiff=0  Bits=3145728->986880  [LOSSLESS]
  Frame 48: CR=3.04309x  MaxDiff=0  Bits=3145728->1033728  [LOSSLESS]
  Frame 49: CR=2.93901x  MaxDiff=0  Bits=3145728->1070336  [LOSSLESS]

==========================================================
 GLOBAL VERIFICATION RESULTS (50 frames)
==========================================================
 Max LSB Difference    : 0
 Mean Squared Error     : 0
 Signal-to-Noise Ratio : INFINITE (Lossless)
 Average CR (per-frame): 3.30987x
 Overall CR (aggregate): 3.30708x
 Total Input           : 19200 KB
 Total Compressed      : 5805 KB
==========================================================
[SUCCESS] All 50 frames: LOSSLESS reconstruction!
INFO [HLS SIM]: The maximum depth reached by any hls::stream() instance in the design is 24576
INFO: [SIM 211-1] CSim done with 0 errors.
INFO: [SIM 211-3] *************** CSIM finish ***************
INFO: [HLS 200-112] Total CPU user time: 2 seconds. Total CPU system time: 3 seconds. Total elapsed time: 106.61 seconds; peak allocated memory: 140.773 MB.
INFO: [vitis-run 60-791] Total elapsed time: 0h 1m 58s
