  **** HLS Build v2026.1 6493734
INFO: [HLS 200-2005] Using work_dir C:/Users/mohin/Vitis/hls_component/hls_component 
INFO: [HLS 200-2176] Writing Vitis IDE component file C:/Users/mohin/Vitis/hls_component/hls_component/vitis-comp.json
INFO: [HLS 200-10] Creating and opening component 'C:/Users/mohin/Vitis/hls_component/hls_component'.
INFO: [HLS 200-2174] Applying component config ini file test.cfg
INFO: [HLS 200-1465] Applying config ini 'syn.file=drhe_compress.cpp' from test.cfg(5)
INFO: [HLS 200-10] Adding design file 'C:/Users/mohin/Vitis/hls_component/drhe_compress.cpp' to the project
INFO: [HLS 200-1465] Applying config ini 'syn.file=drhe_decompress.cpp' from test.cfg(6)
INFO: [HLS 200-10] Adding design file 'C:/Users/mohin/Vitis/hls_component/drhe_decompress.cpp' to the project
INFO: [HLS 200-1465] Applying config ini 'syn.file=drhe.cpp' from test.cfg(7)
INFO: [HLS 200-10] Adding design file 'C:/Users/mohin/Vitis/hls_component/drhe.cpp' to the project
INFO: [HLS 200-1465] Applying config ini 'tb.file=drhe_tb.cpp' from test.cfg(8)
INFO: [HLS 200-10] Adding test bench file 'C:/Users/mohin/Vitis/hls_component/drhe_tb.cpp' to the project
INFO: [HLS 200-1465] Applying config ini 'tb.file=coloradar_frame0_rangefft.bin' from test.cfg(9)
INFO: [HLS 200-10] Adding test bench file 'C:/Users/mohin/Vitis/hls_component/coloradar_frame0_rangefft.bin' to the project
INFO: [HLS 200-1465] Applying config ini 'part=xcku5p-ffvb676-2-e' from test.cfg(1)
INFO: [HLS 200-1611] Setting target device to 'xcku5p-ffvb676-2-e'
INFO: [HLS 200-1465] Applying config ini 'clock=100MHz' from test.cfg(4)
INFO: [SYN 201-201] Setting up clock 'default' with a period of 10ns.
INFO: [HLS 200-1465] Applying config ini 'package.output.format=ip_catalog' from test.cfg(11)
INFO: [HLS 200-2176] Writing Vitis IDE component file C:/Users/mohin/Vitis/hls_component/hls_component/vitis-comp.json
INFO: [SIM 211-2] *************** CSIM start ***************
INFO: [HLS 200-2191] C-Simulation will use clang-16 as the compiler
INFO: [HLS 200-2036] Building debug C Simulation binaries
   Compiling ../../../../drhe_tb.cpp in debug mode
   Compiling ../../../../drhe.cpp in debug mode
   Compiling ../../../../drhe_decompress.cpp in debug mode
   Compiling ../../../../drhe_compress.cpp in debug mode
   Generating csim.exe
In file included from ../../../../drhe_tb.cpp:7:
In file included from ../../../../drhe_compress.h:4:
In file included from ../../../../drhe_common.h:4:
In file included from C:/AMDDesignTools/2026.1/Vitis/include\ap_fixed.h:9:
In file included from C:/AMDDesignTools/2026.1/Vitis/include\etc/ap_common.h:668:
In file included from C:/AMDDesignTools/2026.1/Vitis/include\etc/ap_private.h:68:
In file included from C:/AMDDesignTools/2026.1/Vitis/include\hls_half.h:26:
In file included from C:/AMDDesignTools/2026.1/Vitis/include/etc/hls_half_fpo.h:19:
In file included from C:/AMDDesignTools/2026.1/Vitis/include\hls_fpo.h:140:
In file included from C:/AMDDesignTools/2026.1/Vitis/include/floating_point_v7_1_bitacc_cmodel.h:150:
C:/AMDDesignTools/2026.1/Vitis/include\gmp.h:58:9: warning: '__GMP_LIBGMP_DLL' macro redefined [-Wmacro-redefined]
#define __GMP_LIBGMP_DLL  0
        ^
C:/AMDDesignTools/2026.1/Vitis/include/floating_point_v7_1_bitacc_cmodel.h:142:9: note: previous definition is here
#define __GMP_LIBGMP_DLL 1
        ^
1 warning generated.
In file included from ../../../../drhe.cpp:1:
In file included from ../../../../drhe_common.h:4:
In file included from C:/AMDDesignTools/2026.1/Vitis/include\ap_fixed.h:9:
In file included from C:/AMDDesignTools/2026.1/Vitis/include\etc/ap_common.h:668:
In file included from C:/AMDDesignTools/2026.1/Vitis/include\etc/ap_private.h:68:
In file included from C:/AMDDesignTools/2026.1/Vitis/include\hls_half.h:26:
In file included from C:/AMDDesignTools/2026.1/Vitis/include/etc/hls_half_fpo.h:19:
In file included from C:/AMDDesignTools/2026.1/Vitis/include\hls_fpo.h:140:
In file included from C:/AMDDesignTools/2026.1/Vitis/include/floating_point_v7_1_bitacc_cmodel.h:150:
C:/AMDDesignTools/2026.1/Vitis/include\gmp.h:58:9: warning: '__GMP_LIBGMP_DLL' macro redefined [-Wmacro-redefined]
#define __GMP_LIBGMP_DLL  0
        ^
C:/AMDDesignTools/2026.1/Vitis/include/floating_point_v7_1_bitacc_cmodel.h:142:9: note: previous definition is here
#define __GMP_LIBGMP_DLL 1
        ^
1 warning generated.
In file included from ../../../../drhe_decompress.cpp:1:
In file included from ../../../../drhe_decompress.h:4:
In file included from ../../../../drhe_common.h:4:
In file included from C:/AMDDesignTools/2026.1/Vitis/include\ap_fixed.h:9:
In file included from C:/AMDDesignTools/2026.1/Vitis/include\etc/ap_common.h:668:
In file included from C:/AMDDesignTools/2026.1/Vitis/include\etc/ap_private.h:68:
In file included from C:/AMDDesignTools/2026.1/Vitis/include\hls_half.h:26:
In file included from C:/AMDDesignTools/2026.1/Vitis/include/etc/hls_half_fpo.h:19:
In file included from C:/AMDDesignTools/2026.1/Vitis/include\hls_fpo.h:140:
In file included from C:/AMDDesignTools/2026.1/Vitis/include/floating_point_v7_1_bitacc_cmodel.h:150:
C:/AMDDesignTools/2026.1/Vitis/include\gmp.h:58:9: warning: '__GMP_LIBGMP_DLL' macro redefined [-Wmacro-redefined]
#define __GMP_LIBGMP_DLL  0
        ^
C:/AMDDesignTools/2026.1/Vitis/include/floating_point_v7_1_bitacc_cmodel.h:142:9: note: previous definition is here
#define __GMP_LIBGMP_DLL 1
        ^
1 warning generated.
In file included from ../../../../drhe_compress.cpp:1:
In file included from ../../../../drhe_compress.h:4:
In file included from ../../../../drhe_common.h:4:
In file included from C:/AMDDesignTools/2026.1/Vitis/include\ap_fixed.h:9:
In file included from C:/AMDDesignTools/2026.1/Vitis/include\etc/ap_common.h:668:
In file included from C:/AMDDesignTools/2026.1/Vitis/include\etc/ap_private.h:68:
In file included from C:/AMDDesignTools/2026.1/Vitis/include\hls_half.h:26:
In file included from C:/AMDDesignTools/2026.1/Vitis/include/etc/hls_half_fpo.h:19:
In file included from C:/AMDDesignTools/2026.1/Vitis/include\hls_fpo.h:140:
In file included from C:/AMDDesignTools/2026.1/Vitis/include/floating_point_v7_1_bitacc_cmodel.h:150:
C:/AMDDesignTools/2026.1/Vitis/include\gmp.h:58:9: warning: '__GMP_LIBGMP_DLL' macro redefined [-Wmacro-redefined]
#define __GMP_LIBGMP_DLL  0
        ^
C:/AMDDesignTools/2026.1/Vitis/include/floating_point_v7_1_bitacc_cmodel.h:142:9: note: previous definition is here
#define __GMP_LIBGMP_DLL 1
        ^
1 warning generated.
==========================================================
 DRHE Compression & Decompression Vitis HLS Testbench     
 Dataset: ColoRadar Cascade frame_0.bin Range-FFT Data     
 Target FPGA: AMD Kintex UltraScale+ (xcku5p-ffvb676-2-e) 
==========================================================
[INFO] Loading ColoRadar frame_0 Range-FFT data from coloradar_frame0_rangefft.bin...
[INFO] Data frame ready (192 ramps x 128 samples x 4 RX channels).
[INFO] Executing DRHE Compression...
       Compressed Packets (256-bit): 3687
       Uncompressed Bit Count      : 3145728 bits (384 KB)
       Compressed Bit Count        : 943872 bits (115 KB)
       Achieved Compression Ratio  : 3.33279x
[INFO] Executing DRHE Decompression...
[INFO] Verifying Decompressed Output Accuracy...
==========================================================
 VERIFICATION RESULTS                                      
==========================================================
 Max LSB Difference : 0
 Mean Squared Error  : 0
 Signal-to-Noise Ratio: INFINITE (Lossless)
 Compression Ratio   : 3.33279x
==========================================================
[SUCCESS] DRHE is LOSSLESS — perfect reconstruction!
INFO [HLS SIM]: The maximum depth reached by any hls::stream() instance in the design is 24576
INFO: [SIM 211-1] CSim done with 0 errors.
INFO: [SIM 211-3] *************** CSIM finish ***************
INFO: [HLS 200-112] Total CPU user time: 2 seconds. Total CPU system time: 3 seconds. Total elapsed time: 55.982 seconds; peak allocated memory: 142.473 MB.
INFO: [vitis-run 60-791] Total elapsed time: 0h 1m 1s
