08/12/26 13:11:31: Running xcd server. This server was built by gradle.
08/12/26 13:11:31: Server was asked to start on port: '55421'
08/12/26 13:11:31: Server is using token UUID: '6678476f-f394-4631-8164-b344f0cc74eb'
08/12/26 13:11:31: SESSION_MGR: creating session with session uuid: '6d04a3e9-ade5-4ab9-8d63-1f78fcd2ec76' and name 'default'
08/12/26 13:11:31: Attempting to start server on port '55421'
08/12/26 13:11:31: Running Dispatch Server
08/12/26 13:11:31: Version 2.2.0
08/12/26 13:11:33: Dispatch Server: Accepted socket connection from client
08/12/26 13:11:33: Starting Socket connection
08/12/26 13:11:33: EXCHANGE_TOKEN received, server token: 6678476f-f394-4631-8164-b344f0cc74eb, passed token: 6678476f-f394-4631-8164-b344f0cc74eb
08/12/26 13:11:33: DISPATCH_HANDLER: Adding handler from function makeHandler in library xv_system_diagram
08/12/26 13:11:33: SESSION_MGR: creating session with session uuid: 'abbc8abc-c142-4764-b4a6-9fc71b4f9870' and name 'vitis-run_compile_hls_component'
08/12/26 13:11:33: KERNEL_SVC: creating session with uuid: 'abbc8abc-c142-4764-b4a6-9fc71b4f9870' and name 'vitis-run_compile_hls_component'
08/12/26 13:11:33: GUIDANCE_SMGR: creating guidance session with uuid: 'abbc8abc-c142-4764-b4a6-9fc71b4f9870' and name 'vitis-run_compile_hls_component'
08/12/26 13:11:33: SYSTEM_DIAGRAM: creating session with uuid: 'abbc8abc-c142-4764-b4a6-9fc71b4f9870' and name 'vitis-run_compile_hls_component'
08/12/26 13:11:42: Dispatch Server: Accepted socket connection from client
08/12/26 13:11:42: Starting Socket connection
08/12/26 13:12:33: SESSION_MGR: closing session for UUID 'abbc8abc-c142-4764-b4a6-9fc71b4f9870' with name 'vitis-run_compile_hls_component'
08/12/26 13:12:33: KERNEL_SVC: closing session for UUID 'abbc8abc-c142-4764-b4a6-9fc71b4f9870' with name 'vitis-run_compile_hls_component'
08/12/26 13:12:33: GUIDANCE_SMGR: closing session for UUID 'abbc8abc-c142-4764-b4a6-9fc71b4f9870' with name 'vitis-run_compile_hls_component'
08/12/26 13:12:33: SYSTEM_DIAGRAM: closing session for UUID 'abbc8abc-c142-4764-b4a6-9fc71b4f9870' with name 'vitis-run_compile_hls_component'
08/12/26 13:12:33: STOP_SERVER received, server token: 6678476f-f394-4631-8164-b344f0cc74eb, passed token: 6678476f-f394-4631-8164-b344f0cc74eb
08/12/26 13:12:33: Socket received request to stop server.
08/12/26 13:12:33: Dispatch Server: do_await_stop
08/12/26 13:12:33: SERVER: destructor for server bound to port 55421
08/12/26 13:17:11: Running xcd server. This server was built by gradle.
08/12/26 13:17:11: Server was asked to start on port: '61693'
08/12/26 13:17:11: Server is using token UUID: 'f32ca35a-d2af-4cbd-8ff8-c22649c0593b'
08/12/26 13:17:11: SESSION_MGR: creating session with session uuid: '6d04a3e9-ade5-4ab9-8d63-1f78fcd2ec76' and name 'default'
08/12/26 13:17:11: Attempting to start server on port '61693'
08/12/26 13:17:11: Running Dispatch Server
08/12/26 13:17:11: Version 2.2.0
08/12/26 13:17:13: Dispatch Server: Accepted socket connection from client
08/12/26 13:17:13: Starting Socket connection
08/12/26 13:17:13: EXCHANGE_TOKEN received, server token: f32ca35a-d2af-4cbd-8ff8-c22649c0593b, passed token: f32ca35a-d2af-4cbd-8ff8-c22649c0593b
08/12/26 13:17:14: DISPATCH_HANDLER: Adding handler from function makeHandler in library xv_system_diagram
08/12/26 13:17:14: SESSION_MGR: creating session with session uuid: '4474d6b2-d950-4836-a413-fc5f16a74c7c' and name 'vitis-run_compile_hls_component'
08/12/26 13:17:14: KERNEL_SVC: creating session with uuid: '4474d6b2-d950-4836-a413-fc5f16a74c7c' and name 'vitis-run_compile_hls_component'
08/12/26 13:17:14: GUIDANCE_SMGR: creating guidance session with uuid: '4474d6b2-d950-4836-a413-fc5f16a74c7c' and name 'vitis-run_compile_hls_component'
08/12/26 13:17:14: SYSTEM_DIAGRAM: creating session with uuid: '4474d6b2-d950-4836-a413-fc5f16a74c7c' and name 'vitis-run_compile_hls_component'
08/12/26 13:17:22: Dispatch Server: Accepted socket connection from client
08/12/26 13:17:22: Starting Socket connection
08/12/26 13:17:25: SESSION_MGR: closing session for UUID '4474d6b2-d950-4836-a413-fc5f16a74c7c' with name 'vitis-run_compile_hls_component'
08/12/26 13:17:25: KERNEL_SVC: closing session for UUID '4474d6b2-d950-4836-a413-fc5f16a74c7c' with name 'vitis-run_compile_hls_component'
08/12/26 13:17:25: GUIDANCE_SMGR: closing session for UUID '4474d6b2-d950-4836-a413-fc5f16a74c7c' with name 'vitis-run_compile_hls_component'
08/12/26 13:17:25: SYSTEM_DIAGRAM: closing session for UUID '4474d6b2-d950-4836-a413-fc5f16a74c7c' with name 'vitis-run_compile_hls_component'
08/12/26 13:17:25: STOP_SERVER received, server token: f32ca35a-d2af-4cbd-8ff8-c22649c0593b, passed token: f32ca35a-d2af-4cbd-8ff8-c22649c0593b
08/12/26 13:17:25: Socket received request to stop server.
08/12/26 13:17:25: Dispatch Server: do_await_stop
08/12/26 13:17:25: SERVER: destructor for server bound to port 61693
08/19/26 21:16:00: Running xcd server. This server was built by gradle.
08/19/26 21:16:00: Server was asked to start on port: '57985'
08/19/26 21:16:00: Server is using token UUID: 'c25469e9-554a-4e45-8572-2d4da68c3557'
08/19/26 21:16:00: SESSION_MGR: creating session with session uuid: '6d04a3e9-ade5-4ab9-8d63-1f78fcd2ec76' and name 'default'
08/19/26 21:16:00: Attempting to start server on port '57985'
08/19/26 21:16:00: Running Dispatch Server
08/19/26 21:16:00: Version 2.2.0
08/19/26 21:16:02: Dispatch Server: Accepted socket connection from client
08/19/26 21:16:02: Starting Socket connection
08/19/26 21:16:02: EXCHANGE_TOKEN received, server token: c25469e9-554a-4e45-8572-2d4da68c3557, passed token: c25469e9-554a-4e45-8572-2d4da68c3557
08/19/26 21:16:02: DISPATCH_HANDLER: Adding handler from function makeHandler in library xv_system_diagram
08/19/26 21:16:02: SESSION_MGR: creating session with session uuid: '68fc52bd-a767-4b47-88f0-f59f92985d97' and name 'vitis-run_compile_hls_component'
08/19/26 21:16:02: KERNEL_SVC: creating session with uuid: '68fc52bd-a767-4b47-88f0-f59f92985d97' and name 'vitis-run_compile_hls_component'
08/19/26 21:16:02: GUIDANCE_SMGR: creating guidance session with uuid: '68fc52bd-a767-4b47-88f0-f59f92985d97' and name 'vitis-run_compile_hls_component'
08/19/26 21:16:02: SYSTEM_DIAGRAM: creating session with uuid: '68fc52bd-a767-4b47-88f0-f59f92985d97' and name 'vitis-run_compile_hls_component'
08/19/26 21:16:31: Dispatch Server: Accepted socket connection from client
08/19/26 21:16:31: Starting Socket connection
08/19/26 21:16:37: SESSION_MGR: closing session for UUID '68fc52bd-a767-4b47-88f0-f59f92985d97' with name 'vitis-run_compile_hls_component'
08/19/26 21:16:37: KERNEL_SVC: closing session for UUID '68fc52bd-a767-4b47-88f0-f59f92985d97' with name 'vitis-run_compile_hls_component'
08/19/26 21:16:37: GUIDANCE_SMGR: closing session for UUID '68fc52bd-a767-4b47-88f0-f59f92985d97' with name 'vitis-run_compile_hls_component'
08/19/26 21:16:37: SYSTEM_DIAGRAM: closing session for UUID '68fc52bd-a767-4b47-88f0-f59f92985d97' with name 'vitis-run_compile_hls_component'
08/19/26 21:16:37: STOP_SERVER received, server token: c25469e9-554a-4e45-8572-2d4da68c3557, passed token: c25469e9-554a-4e45-8572-2d4da68c3557
08/19/26 21:16:37: Socket received request to stop server.
08/19/26 21:16:37: Dispatch Server: do_await_stop
08/19/26 21:16:37: SERVER: destructor for server bound to port 57985
08/19/26 22:08:01: Running xcd server. This server was built by gradle.
08/19/26 22:08:01: Server was asked to start on port: '65510'
08/19/26 22:08:01: Server is using token UUID: 'f48c3ecb-3e6d-4db9-adae-f8b7444bffd4'
08/19/26 22:08:01: SESSION_MGR: creating session with session uuid: '6d04a3e9-ade5-4ab9-8d63-1f78fcd2ec76' and name 'default'
08/19/26 22:08:01: Attempting to start server on port '65510'
08/19/26 22:08:01: Running Dispatch Server
08/19/26 22:08:01: Version 2.2.0
08/19/26 22:08:04: Dispatch Server: Accepted socket connection from client
08/19/26 22:08:04: Starting Socket connection
08/19/26 22:08:04: EXCHANGE_TOKEN received, server token: f48c3ecb-3e6d-4db9-adae-f8b7444bffd4, passed token: f48c3ecb-3e6d-4db9-adae-f8b7444bffd4
08/19/26 22:08:04: DISPATCH_HANDLER: Adding handler from function makeHandler in library xv_system_diagram
08/19/26 22:08:04: SESSION_MGR: creating session with session uuid: '455ee8ef-6920-43f4-b4cb-a8ea3ea01055' and name 'vitis-run_compile_hls_component'
08/19/26 22:08:04: KERNEL_SVC: creating session with uuid: '455ee8ef-6920-43f4-b4cb-a8ea3ea01055' and name 'vitis-run_compile_hls_component'
08/19/26 22:08:04: GUIDANCE_SMGR: creating guidance session with uuid: '455ee8ef-6920-43f4-b4cb-a8ea3ea01055' and name 'vitis-run_compile_hls_component'
08/19/26 22:08:04: SYSTEM_DIAGRAM: creating session with uuid: '455ee8ef-6920-43f4-b4cb-a8ea3ea01055' and name 'vitis-run_compile_hls_component'
08/19/26 22:08:24: Dispatch Server: Accepted socket connection from client
08/19/26 22:08:24: Starting Socket connection
08/19/26 22:10:00: SESSION_MGR: closing session for UUID '455ee8ef-6920-43f4-b4cb-a8ea3ea01055' with name 'vitis-run_compile_hls_component'
08/19/26 22:10:00: KERNEL_SVC: closing session for UUID '455ee8ef-6920-43f4-b4cb-a8ea3ea01055' with name 'vitis-run_compile_hls_component'
08/19/26 22:10:00: GUIDANCE_SMGR: closing session for UUID '455ee8ef-6920-43f4-b4cb-a8ea3ea01055' with name 'vitis-run_compile_hls_component'
08/19/26 22:10:00: SYSTEM_DIAGRAM: closing session for UUID '455ee8ef-6920-43f4-b4cb-a8ea3ea01055' with name 'vitis-run_compile_hls_component'
08/19/26 22:10:00: STOP_SERVER received, server token: f48c3ecb-3e6d-4db9-adae-f8b7444bffd4, passed token: f48c3ecb-3e6d-4db9-adae-f8b7444bffd4
08/19/26 22:10:00: Socket received request to stop server.
08/19/26 22:10:00: Dispatch Server: do_await_stop
08/19/26 22:10:00: SERVER: destructor for server bound to port 65510
