================================================================
  KIEM-REALISTIC: ALL PRESETS
================================================================
  preset                 ENOB   AWGN       refDet       NF      SNR       CR FN%/FP% (FX)   

================================================================
  SCENE: KIEM-MATCH-NF
================================================================
  [ADC Gen] sigma_ADC = 418.1509 (-25.8 dB below full-scale)
  [ADC Gen] clipped samples = 0.000%  (clean)
  Reference detections: 160
  Algorithm      CR   FN (%)   FP (%)  NF est.(dBFS)   SNR (dB)
  ---------  ------   ------   ------  -------------   --------
  FP16         1.00     0.00     0.00        -71.077     23.833
  FX16         1.00     0.00     0.00        -71.033     23.809
  DRHE         1.11     0.00     0.00        -71.033     23.809
  match-nf               11     -70.5         160   -71.03    23.81     1.11    0.00 /  0.00

================================================================
  SCENE: KIEM-MATCH-FNFP
================================================================
  [ADC Gen] sigma_ADC = 418.1509 (-25.8 dB below full-scale)
  [ADC Gen] clipped samples = 0.000%  (clean)
  Reference detections: 160
  Algorithm      CR   FN (%)   FP (%)  NF est.(dBFS)   SNR (dB)
  ---------  ------   ------   ------  -------------   --------
  FP16         1.00     0.00     0.00        -71.077     23.833
  FX16         1.00     0.62     0.00        -70.703     23.511
  DRHE         1.10     0.62     0.00        -70.703     23.511
  match-fnfp             9      -70.5         160   -70.70    23.51     1.10    0.62 /  0.00

================================================================
  SCENE: KIEM-MATCH-CR
================================================================
  [ADC Gen] sigma_ADC = 78.7650 (-40.3 dB below full-scale)
  [ADC Gen] clipped samples = 0.000%  (clean)
  Reference detections: 163
  Algorithm      CR   FN (%)   FP (%)  NF est.(dBFS)   SNR (dB)
  ---------  ------   ------   ------  -------------   --------
  FP16         1.00     0.00     0.00        -85.577     38.229
  FX16         1.00     0.00     0.00        -85.370     38.049
  DRHE         1.56     0.00     0.00        -85.370     38.049
  match-cr               12     -85.0         163   -85.37    38.05     1.56    0.00 /  0.00

================================================================
  SCENE: KIEM-MATCH-CR-AGGRESSIVE
================================================================
  [ADC Gen] sigma_ADC = 24.9077 (-50.3 dB below full-scale)
  [ADC Gen] clipped samples = 0.000%  (clean)
  Reference detections: 163
  Algorithm      CR   FN (%)   FP (%)  NF est.(dBFS)   SNR (dB)
  ---------  ------   ------   ------  -------------   --------
  FP16         1.00     0.00     0.00        -95.575     48.226
  FX16         1.00     0.00     0.00        -95.084     47.762
  DRHE         2.08     0.00     0.00        -95.084     47.762
  match-cr-aggressive    13     -95.0         163   -95.08    47.76     2.08    0.00 /  0.00

  --- Kiem Reference (Table 3.5, real data) ---
  Algorithm      CR   FN (%)   FP (%)  NF est.(dBFS)   SNR (dB)
  FP16*        1.00     0.00     0.00        -70.714     22.407
  FX16*        1.00     0.59     1.18        -70.691     22.330
  DRHE*        3.25     0.59     1.18        -70.691     22.330
