================================================================
  KIEM-REALISTIC: SWEEP OVER ALL PRESETS
================================================================

================================================================
  SCENE: KIEM-MATCH-NF
================================================================
  [ADC Gen] sigma_ADC = 418.1509 (-25.8 dB below full-scale)
  [ADC Gen] clipped samples = 0.000%  (clean)
  Reference detections: 160
  Algorithm      CR   FN (%)   FP (%)  NF est.(dBFS)   SNR (dB)
  ---------  ------   ------   ------  -------------   --------
  FP16         1.00     0.00     0.00        -71.077     23.833
  FX16         1.00     0.00     0.00        -71.033     23.809
  DRHE         1.11     0.00     0.00        -71.033     23.809

================================================================
  SCENE: KIEM-MATCH-FNFP
================================================================
  [ADC Gen] sigma_ADC = 418.1509 (-25.8 dB below full-scale)
  [ADC Gen] clipped samples = 0.000%  (clean)
  Reference detections: 160
  Algorithm      CR   FN (%)   FP (%)  NF est.(dBFS)   SNR (dB)
  ---------  ------   ------   ------  -------------   --------
  FP16         1.00     0.00     0.00        -71.077     23.833
  FX16         1.00     0.62     0.00        -70.703     23.511
  DRHE         1.10     0.62     0.00        -70.703     23.511

================================================================
  SCENE: KIEM-MATCH-CR
================================================================
  [ADC Gen] sigma_ADC = 78.7650 (-40.3 dB below full-scale)
  [ADC Gen] clipped samples = 0.000%  (clean)
  Reference detections: 163
  Algorithm      CR   FN (%)   FP (%)  NF est.(dBFS)   SNR (dB)
  ---------  ------   ------   ------  -------------   --------
  FP16         1.00     0.00     0.00        -85.577     38.229
  FX16         1.00     0.00     0.00        -83.652     36.331
  DRHE         1.53     0.00     0.00        -83.652     36.331

================================================================
  SCENE: KIEM-MATCH-CR-AGGRESSIVE
================================================================
  [ADC Gen] sigma_ADC = 14.0066 (-55.3 dB below full-scale)
  [ADC Gen] clipped samples = 0.000%  (clean)
  Reference detections: 163
  Algorithm      CR   FN (%)   FP (%)  NF est.(dBFS)   SNR (dB)
  ---------  ------   ------   ------  -------------   --------
  FP16         1.00     0.00     0.00       -100.572     53.224
  FX16         1.00     0.00  6528.83       -115.486     49.972
  DRHE         2.05     0.00  6528.83       -115.486     49.972

================================================================
  PRESET COMPARISON (DRHE metrics; FX16 FN%/FP% in last col)
================================================================
  preset                 ENOB   AWGN       refDet       NF      SNR       CR FN%/FP% (FX)  
  match-nf               11     -70.5         160   -71.03    23.81     1.11    0.00 /  0.00
  match-fnfp             9      -70.5         160   -70.70    23.51     1.10    0.62 /  0.00
  match-cr               10     -85.0         163   -83.65    36.33     1.53    0.00 /  0.00
  match-cr-aggressive    11     -100.0        163  -115.49    49.97     2.05    0.00 / 6528.83

  --- Kiem Reference (Table 3.5, real data) ---
  Algorithm      CR   FN (%)   FP (%)  NF est.(dBFS)   SNR (dB)
  FP16*        1.00     0.00     0.00        -70.714     22.407
  FX16*        1.00     0.59     1.18        -70.691     22.330
  DRHE*        3.25     0.59     1.18        -70.691     22.330
