================================================================
  RADAR DATA COMPRESSION SIMULATION
  CLEAN vs CLUTTERED vs KIEM-REALISTIC - 3-way comparison
================================================================

================================================================
  SCENE: CLEAN (WHITE-NOISE FLOOR)
================================================================
  [ADC Gen] sigma_ADC = 591.0664 (-22.8 dB below full-scale)
  [ADC Gen] clipped samples = 0.000%  (clean)
  Reference detections: 179
  Algorithm      CR   FN (%)   FP (%)  NF est.(dBFS)   SNR (dB)
  ---------  ------   ------   ------  -------------   --------
  FP16         1.00     0.00     0.00        -71.055     23.201
  FX16         1.00     1.68     0.00        -71.007     23.234
  DRHE         1.12     1.68     0.00        -71.007     23.234

================================================================
  SCENE: CLUTTERED (CORRELATED CLUTTER)
================================================================
  [ADC Gen] sigma_ADC = 12.4921 (-56.3 dB below full-scale)
  [ADC Gen] clipped samples = 0.000%  (clean)
  Reference detections: 51
  Algorithm      CR   FN (%)   FP (%)  NF est.(dBFS)   SNR (dB)
  ---------  ------   ------   ------  -------------   --------
  FP16         1.00     0.00     0.00       -104.339     63.892
  FX16         1.00     0.00     0.00       -101.993     61.557
  DRHE         2.57     0.00     0.00       -101.993     61.557

================================================================
  SCENE: KIEM-REALISTIC (TABLE 3.1 DIMS)
================================================================
  [ADC Gen] sigma_ADC = 418.1509 (-25.8 dB below full-scale)
  [ADC Gen] clipped samples = 0.000%  (clean)
  Reference detections: 160
  Algorithm      CR   FN (%)   FP (%)  NF est.(dBFS)   SNR (dB)
  ---------  ------   ------   ------  -------------   --------
  FP16         1.00     0.00     0.00        -71.077     23.833
  FX16         1.00     0.00     0.00        -71.033     23.809
  DRHE         1.11     0.00     0.00        -71.033     23.809

================================================================
  SIDE-BY-SIDE SUMMARY (Algorithm | CR | FN% | FP% | NF dBFS | SNR dB)
================================================================

  CLEAN (idealised white-noise data):
  FP16     1.00    0.00    0.00     -71.055    23.201
  FX16     1.00    1.68    0.00     -71.007    23.234
  DRHE     1.12    1.68    0.00     -71.007    23.234

  CLUTTERED (realistic correlated-clutter data):
  FP16     1.00    0.00    0.00    -104.339    63.892
  FX16     1.00    0.00    0.00    -101.993    61.557
  DRHE     2.57    0.00    0.00    -101.993    61.557

  KIEM-REALISTIC (Table 3.1 dims, coherent clutter + AWGN at -70.5):
  FP16     1.00    0.00    0.00     -71.077    23.833
  FX16     1.00    0.00    0.00     -71.033    23.809
  DRHE     1.11    0.00    0.00     -71.033    23.809

  --- Kiem Reference (Table 3.5, real data) ---
  Algorithm      CR   FN (%)   FP (%)  NF est.(dBFS)   SNR (dB)
  FP16*        1.00     0.00     0.00        -70.714     22.407
  FX16*        1.00     0.59     1.18        -70.691     22.330
  DRHE*        3.25     0.59     1.18        -70.691     22.330

  Take-away:
    * CLEAN   reproduces Kiem's NF / SNR / FN% / FP% but CR ~ 1.12.
    * CLUTTER reproduces the high compression ratio (CR ~ 2.57) because
      correlated clutter is nearly free for DRHE to store; its NF/SNR
      differ because a high CR forces a low noise floor for synthetic data.
    * KIEM-REALISTIC gets closest to Kiem in a SINGLE scene (NF -71.03,
      SNR 23.81, refDet 160), but CR stays at ~ 1.11 - the synthetic AWGN
      ceiling. Real data escapes this only because its floor IS clutter.

================================================================
  COMPARISON COMPLETE
================================================================
