INFO: [SIM 2] *************** CSIM start ***************
   Compiling ../../../../drhe_tdm_tb.cpp in debug mode
   Compiling ../../../../drhe_tdm.cpp in debug mode
   Compiling ../../../../drhe_tdm_decompress.cpp in debug mode
   Compiling ../../../../drhe_tdm_compress.cpp in debug mode
   Generating csim.exe
==========================================================
 DRHE-TDM Compression & Decompression Testbench            
 Prediction lag = nTx (per-transmitter predictor state)    
 Target FPGA: AMD Kintex UltraScale+ (xcku5p-ffvb676-2-e) 
==========================================================
[INFO] Loaded header: 50 frames x 192 ramps x 128 samples x 4 RX channels;  nTx = 12
  Frame 0: CR=3.79142x  MaxDiff=0  Bits=3145728->829696  [LOSSLESS]
  Frame 1: CR=3.78675x  MaxDiff=0  Bits=3145728->830720  [LOSSLESS]
  Frame 2: CR=3.77628x  MaxDiff=0  Bits=3145728->833024  [LOSSLESS]
  Frame 3: CR=3.7624x  MaxDiff=0  Bits=3145728->836096  [LOSSLESS]
  Frame 4: CR=3.74977x  MaxDiff=0  Bits=3145728->838912  [LOSSLESS]
  Frame 5: CR=3.76355x  MaxDiff=0  Bits=3145728->835840  [LOSSLESS]
  Frame 6: CR=3.78325x  MaxDiff=0  Bits=3145728->831488  [LOSSLESS]
  Frame 7: CR=3.79025x  MaxDiff=0  Bits=3145728->829952  [LOSSLESS]
  Frame 8: CR=3.79259x  MaxDiff=0  Bits=3145728->829440  [LOSSLESS]
  Frame 9: CR=3.78675x  MaxDiff=0  Bits=3145728->830720  [LOSSLESS]
  Frame 10: CR=3.7786x  MaxDiff=0  Bits=3145728->832512  [LOSSLESS]
  Frame 11: CR=3.7624x  MaxDiff=0  Bits=3145728->836096  [LOSSLESS]
  Frame 12: CR=3.7395x  MaxDiff=0  Bits=3145728->841216  [LOSSLESS]
  Frame 13: CR=3.74292x  MaxDiff=0  Bits=3145728->840448  [LOSSLESS]
  Frame 14: CR=3.76817x  MaxDiff=0  Bits=3145728->834816  [LOSSLESS]
  Frame 15: CR=3.79142x  MaxDiff=0  Bits=3145728->829696  [LOSSLESS]
  Frame 16: CR=3.79259x  MaxDiff=0  Bits=3145728->829440  [LOSSLESS]
  Frame 17: CR=3.76933x  MaxDiff=0  Bits=3145728->834560  [LOSSLESS]
  Frame 18: CR=3.71913x  MaxDiff=0  Bits=3145728->845824  [LOSSLESS]
  Frame 19: CR=3.718x  MaxDiff=0  Bits=3145728->846080  [LOSSLESS]
  Frame 20: CR=3.73269x  MaxDiff=0  Bits=3145728->842752  [LOSSLESS]
  Frame 21: CR=3.73269x  MaxDiff=0  Bits=3145728->842752  [LOSSLESS]
  Frame 22: CR=3.7578x  MaxDiff=0  Bits=3145728->837120  [LOSSLESS]
  Frame 23: CR=3.77744x  MaxDiff=0  Bits=3145728->832768  [LOSSLESS]
  Frame 24: CR=3.8126x  MaxDiff=0  Bits=3145728->825088  [LOSSLESS]
  Frame 25: CR=3.78792x  MaxDiff=0  Bits=3145728->830464  [LOSSLESS]
  Frame 26: CR=3.79845x  MaxDiff=0  Bits=3145728->828160  [LOSSLESS]
  Frame 27: CR=3.81023x  MaxDiff=0  Bits=3145728->825600  [LOSSLESS]
  Frame 28: CR=3.79845x  MaxDiff=0  Bits=3145728->828160  [LOSSLESS]
  Frame 29: CR=3.80905x  MaxDiff=0  Bits=3145728->825856  [LOSSLESS]
  Frame 30: CR=3.81496x  MaxDiff=0  Bits=3145728->824576  [LOSSLESS]
  Frame 31: CR=3.79845x  MaxDiff=0  Bits=3145728->828160  [LOSSLESS]
  Frame 32: CR=3.80433x  MaxDiff=0  Bits=3145728->826880  [LOSSLESS]
  Frame 33: CR=3.80316x  MaxDiff=0  Bits=3145728->827136  [LOSSLESS]
  Frame 34: CR=3.74634x  MaxDiff=0  Bits=3145728->839680  [LOSSLESS]
  Frame 35: CR=3.77396x  MaxDiff=0  Bits=3145728->833536  [LOSSLESS]
  Frame 36: CR=3.76933x  MaxDiff=0  Bits=3145728->834560  [LOSSLESS]
  Frame 37: CR=3.72138x  MaxDiff=0  Bits=3145728->845312  [LOSSLESS]
  Frame 38: CR=3.68345x  MaxDiff=0  Bits=3145728->854016  [LOSSLESS]
  Frame 39: CR=3.76471x  MaxDiff=0  Bits=3145728->835584  [LOSSLESS]
  Frame 40: CR=3.73495x  MaxDiff=0  Bits=3145728->842240  [LOSSLESS]
  Frame 41: CR=3.71688x  MaxDiff=0  Bits=3145728->846336  [LOSSLESS]
  Frame 42: CR=3.73155x  MaxDiff=0  Bits=3145728->843008  [LOSSLESS]
  Frame 43: CR=3.68235x  MaxDiff=0  Bits=3145728->854272  [LOSSLESS]
  Frame 44: CR=3.68014x  MaxDiff=0  Bits=3145728->854784  [LOSSLESS]
  Frame 45: CR=3.68345x  MaxDiff=0  Bits=3145728->854016  [LOSSLESS]
  Frame 46: CR=3.68125x  MaxDiff=0  Bits=3145728->854528  [LOSSLESS]
  Frame 47: CR=3.64737x  MaxDiff=0  Bits=3145728->862464  [LOSSLESS]
  Frame 48: CR=3.60352x  MaxDiff=0  Bits=3145728->872960  [LOSSLESS]
  Frame 49: CR=3.51689x  MaxDiff=0  Bits=3145728->894464  [LOSSLESS]

==========================================================
 GLOBAL VERIFICATION RESULTS (50 frames)
==========================================================
 Max LSB Difference    : 0
 Mean Squared Error    : 0
 Signal-to-Noise Ratio : INFINITE (Lossless)
 Average CR (per-frame): 3.75082x
 Overall CR (aggregate): 3.74993x
==========================================================
[SUCCESS] All 50 frames: LOSSLESS reconstruction!
INFO [HLS SIM]: The maximum depth reached by any hls::stream() instance in the design is 24576
INFO: [SIM 1] CSim done with 0 errors.
INFO: [SIM 3] *************** CSIM finish ***************
